// Jest Snapshot v1, https://goo.gl/fbAQLP

exports[`SearchResults renders correctly 1`] = `
<DocumentFragment>
  <p
    class="success-search"
  >
    Search Results:
  </p>
  <div
    class="search-results"
  >
    <img
      alt="spaceImage"
      class="card-name"
      src="https://images-assets.nasa.gov/image/PIA03606/PIA03606~thumb.jpg"
    />
    <img
      alt="spaceImage"
      class="card-name"
      src="https://images-assets.nasa.gov/image/GSFC_20171208_Archive_e000053/GSFC_20171208_Archive_e000053~thumb.jpg"
    />
  </div>
</DocumentFragment>
`;
